{"event": "CDM_DETECTED", "ts": "2026-03-29T17:57:33.255006+00:00", "sat_id": "SAT-016", "debris_id": "DEB-CRIT-005", "tca_sim_time_s": 745.0, "tca_in_s": 685.0, "miss_distance_km": 0.04111, "severity": "CRITICAL"}
{"event": "MANEUVER_PLANNED", "ts": "2026-03-29T17:57:33.257737+00:00", "sat_id": "SAT-016", "burn_id": "EVASION_SAT-016_60", "maneuver_type": "EVASION", "burn_sim_time_s": 70.0, "delta_v_km_s": {"x": -0.00927905, "y": -0.00372816, "z": 0.0}, "delta_v_magnitude_m_s": 10.0, "fuel_before_kg": 50.0, "fuel_after_kg": 48.1337, "fuel_consumed_kg": 1.8663}
{"event": "MANEUVER_EXECUTED", "ts": "2026-03-29T17:57:33.258527+00:00", "sat_id": "SAT-016", "burn_id": "EVASION_SAT-016_60", "sim_time_s": 60.0, "delta_v_km_s": {"x": -0.00927905, "y": -0.00372816, "z": 0.0}, "delta_v_magnitude_m_s": 10.0, "fuel_remaining_kg": 48.1337, "success": true}
{"event": "RECOVERY_SCHEDULED", "ts": "2026-03-29T17:57:33.259154+00:00", "sat_id": "SAT-016", "burn_id": "RECOVERY_SAT-016_60", "paired_evasion_burn": "EVASION_SAT-016_60", "scheduled_sim_time_s": 720.0, "delta_v_km_s": {"x": 0.00927905, "y": 0.00372816, "z": -0.0}}
{"event": "MANEUVER_PLANNED", "ts": "2026-03-29T17:57:33.259654+00:00", "sat_id": "SAT-016", "burn_id": "RECOVERY_SAT-016_60", "maneuver_type": "RECOVERY", "burn_sim_time_s": 720.0, "delta_v_km_s": {"x": 0.00927905, "y": 0.00372816, "z": -0.0}, "delta_v_magnitude_m_s": 10.0, "fuel_before_kg": 48.1337, "fuel_after_kg": 46.2737, "fuel_consumed_kg": 1.86}
{"event": "CDM_DETECTED", "ts": "2026-03-29T17:57:33.260057+00:00", "sat_id": "SAT-041", "debris_id": "DEB-CRIT-001", "tca_sim_time_s": 745.0, "tca_in_s": 685.0, "miss_distance_km": 0.04111, "severity": "CRITICAL"}
{"event": "MANEUVER_PLANNED", "ts": "2026-03-29T17:57:33.260753+00:00", "sat_id": "SAT-041", "burn_id": "EVASION_SAT-041_60", "maneuver_type": "EVASION", "burn_sim_time_s": 70.0, "delta_v_km_s": {"x": 0.00927905, "y": 0.00372816, "z": 0.0}, "delta_v_magnitude_m_s": 10.0, "fuel_before_kg": 50.0, "fuel_after_kg": 48.1337, "fuel_consumed_kg": 1.8663}
{"event": "MANEUVER_EXECUTED", "ts": "2026-03-29T17:57:33.261082+00:00", "sat_id": "SAT-041", "burn_id": "EVASION_SAT-041_60", "sim_time_s": 60.0, "delta_v_km_s": {"x": 0.00927905, "y": 0.00372816, "z": 0.0}, "delta_v_magnitude_m_s": 10.0, "fuel_remaining_kg": 48.1337, "success": true}
{"event": "RECOVERY_SCHEDULED", "ts": "2026-03-29T17:57:33.262025+00:00", "sat_id": "SAT-041", "burn_id": "RECOVERY_SAT-041_60", "paired_evasion_burn": "EVASION_SAT-041_60", "scheduled_sim_time_s": 720.0, "delta_v_km_s": {"x": -0.00927905, "y": -0.00372816, "z": -0.0}}
{"event": "MANEUVER_PLANNED", "ts": "2026-03-29T17:57:33.262270+00:00", "sat_id": "SAT-041", "burn_id": "RECOVERY_SAT-041_60", "maneuver_type": "RECOVERY", "burn_sim_time_s": 720.0, "delta_v_km_s": {"x": -0.00927905, "y": -0.00372816, "z": -0.0}, "delta_v_magnitude_m_s": 10.0, "fuel_before_kg": 48.1337, "fuel_after_kg": 46.2737, "fuel_consumed_kg": 1.86}
{"event": "CDM_DETECTED", "ts": "2026-03-29T17:57:33.262494+00:00", "sat_id": "SAT-002", "debris_id": "DEB-CRIT-003", "tca_sim_time_s": 755.0, "tca_in_s": 695.0, "miss_distance_km": 0.04074, "severity": "CRITICAL"}
{"event": "MANEUVER_PLANNED", "ts": "2026-03-29T17:57:33.262844+00:00", "sat_id": "SAT-002", "burn_id": "EVASION_SAT-002_60", "maneuver_type": "EVASION", "burn_sim_time_s": 70.0, "delta_v_km_s": {"x": -0.00191609, "y": 0.00866594, "z": 0.00460762}, "delta_v_magnitude_m_s": 10.0, "fuel_before_kg": 50.0, "fuel_after_kg": 48.1337, "fuel_consumed_kg": 1.8663}
{"event": "MANEUVER_EXECUTED", "ts": "2026-03-29T17:57:33.263089+00:00", "sat_id": "SAT-002", "burn_id": "EVASION_SAT-002_60", "sim_time_s": 60.0, "delta_v_km_s": {"x": -0.00191609, "y": 0.00866594, "z": 0.00460762}, "delta_v_magnitude_m_s": 10.0, "fuel_remaining_kg": 48.1337, "success": true}
{"event": "RECOVERY_SCHEDULED", "ts": "2026-03-29T17:57:33.263261+00:00", "sat_id": "SAT-002", "burn_id": "RECOVERY_SAT-002_60", "paired_evasion_burn": "EVASION_SAT-002_60", "scheduled_sim_time_s": 720.0, "delta_v_km_s": {"x": 0.00191609, "y": -0.00866594, "z": -0.00460762}}
{"event": "MANEUVER_PLANNED", "ts": "2026-03-29T17:57:33.263476+00:00", "sat_id": "SAT-002", "burn_id": "RECOVERY_SAT-002_60", "maneuver_type": "RECOVERY", "burn_sim_time_s": 720.0, "delta_v_km_s": {"x": 0.00191609, "y": -0.00866594, "z": -0.00460762}, "delta_v_magnitude_m_s": 10.0, "fuel_before_kg": 48.1337, "fuel_after_kg": 46.2737, "fuel_consumed_kg": 1.86}
{"event": "CDM_DETECTED", "ts": "2026-03-29T17:57:33.263675+00:00", "sat_id": "SAT-018", "debris_id": "DEB-CRIT-004", "tca_sim_time_s": 765.0, "tca_in_s": 705.0, "miss_distance_km": 0.04062, "severity": "CRITICAL"}
{"event": "MANEUVER_PLANNED", "ts": "2026-03-29T17:57:33.264064+00:00", "sat_id": "SAT-018", "burn_id": "EVASION_SAT-018_60", "maneuver_type": "EVASION", "burn_sim_time_s": 70.0, "delta_v_km_s": {"x": -0.0080691, "y": -0.00417616, "z": -0.00417724}, "delta_v_magnitude_m_s": 10.0, "fuel_before_kg": 50.0, "fuel_after_kg": 48.1337, "fuel_consumed_kg": 1.8663}
{"event": "MANEUVER_EXECUTED", "ts": "2026-03-29T17:57:33.264258+00:00", "sat_id": "SAT-018", "burn_id": "EVASION_SAT-018_60", "sim_time_s": 60.0, "delta_v_km_s": {"x": -0.0080691, "y": -0.00417616, "z": -0.00417724}, "delta_v_magnitude_m_s": 10.0, "fuel_remaining_kg": 48.1337, "success": true}
{"event": "RECOVERY_SCHEDULED", "ts": "2026-03-29T17:57:33.264425+00:00", "sat_id": "SAT-018", "burn_id": "RECOVERY_SAT-018_60", "paired_evasion_burn": "EVASION_SAT-018_60", "scheduled_sim_time_s": 720.0, "delta_v_km_s": {"x": 0.0080691, "y": 0.00417616, "z": 0.00417724}}
{"event": "MANEUVER_PLANNED", "ts": "2026-03-29T17:57:33.264610+00:00", "sat_id": "SAT-018", "burn_id": "RECOVERY_SAT-018_60", "maneuver_type": "RECOVERY", "burn_sim_time_s": 720.0, "delta_v_km_s": {"x": 0.0080691, "y": 0.00417616, "z": 0.00417724}, "delta_v_magnitude_m_s": 10.0, "fuel_before_kg": 48.1337, "fuel_after_kg": 46.2737, "fuel_consumed_kg": 1.86}
{"event": "CDM_DETECTED", "ts": "2026-03-29T17:57:33.264786+00:00", "sat_id": "SAT-009", "debris_id": "DEB-CRIT-007", "tca_sim_time_s": 770.0, "tca_in_s": 710.0, "miss_distance_km": 0.04113, "severity": "CRITICAL"}
{"event": "MANEUVER_PLANNED", "ts": "2026-03-29T17:57:33.265137+00:00", "sat_id": "SAT-009", "burn_id": "EVASION_SAT-009_60", "maneuver_type": "EVASION", "burn_sim_time_s": 70.0, "delta_v_km_s": {"x": -0.00877679, "y": 0.00288479, "z": 0.003827}, "delta_v_magnitude_m_s": 10.0, "fuel_before_kg": 50.0, "fuel_after_kg": 48.1337, "fuel_consumed_kg": 1.8663}
{"event": "MANEUVER_EXECUTED", "ts": "2026-03-29T17:57:33.265326+00:00", "sat_id": "SAT-009", "burn_id": "EVASION_SAT-009_60", "sim_time_s": 60.0, "delta_v_km_s": {"x": -0.00877679, "y": 0.00288479, "z": 0.003827}, "delta_v_magnitude_m_s": 10.0, "fuel_remaining_kg": 48.1337, "success": true}
{"event": "RECOVERY_SCHEDULED", "ts": "2026-03-29T17:57:33.265501+00:00", "sat_id": "SAT-009", "burn_id": "RECOVERY_SAT-009_60", "paired_evasion_burn": "EVASION_SAT-009_60", "scheduled_sim_time_s": 720.0, "delta_v_km_s": {"x": 0.00877679, "y": -0.00288479, "z": -0.003827}}
{"event": "MANEUVER_PLANNED", "ts": "2026-03-29T17:57:33.266014+00:00", "sat_id": "SAT-009", "burn_id": "RECOVERY_SAT-009_60", "maneuver_type": "RECOVERY", "burn_sim_time_s": 720.0, "delta_v_km_s": {"x": 0.00877679, "y": -0.00288479, "z": -0.003827}, "delta_v_magnitude_m_s": 10.0, "fuel_before_kg": 48.1337, "fuel_after_kg": 46.2737, "fuel_consumed_kg": 1.86}
{"event": "CDM_DETECTED", "ts": "2026-03-29T17:57:33.267066+00:00", "sat_id": "SAT-008", "debris_id": "DEB-CRIT-002", "tca_sim_time_s": 22695.0, "tca_in_s": 22635.0, "miss_distance_km": 0.00521, "severity": "CRITICAL"}
{"event": "MANEUVER_PLANNED", "ts": "2026-03-29T17:57:33.268139+00:00", "sat_id": "SAT-008", "burn_id": "EVASION_SAT-008_60", "maneuver_type": "EVASION", "burn_sim_time_s": 70.0, "delta_v_km_s": {"x": -0.00811112, "y": 0.00413632, "z": 0.00413528}, "delta_v_magnitude_m_s": 10.0, "fuel_before_kg": 50.0, "fuel_after_kg": 48.1337, "fuel_consumed_kg": 1.8663}
{"event": "MANEUVER_EXECUTED", "ts": "2026-03-29T17:57:33.268409+00:00", "sat_id": "SAT-008", "burn_id": "EVASION_SAT-008_60", "sim_time_s": 60.0, "delta_v_km_s": {"x": -0.00811112, "y": 0.00413632, "z": 0.00413528}, "delta_v_magnitude_m_s": 10.0, "fuel_remaining_kg": 48.1337, "success": true}
{"event": "RECOVERY_SCHEDULED", "ts": "2026-03-29T17:57:33.270362+00:00", "sat_id": "SAT-008", "burn_id": "RECOVERY_SAT-008_60", "paired_evasion_burn": "EVASION_SAT-008_60", "scheduled_sim_time_s": 720.0, "delta_v_km_s": {"x": 0.00811112, "y": -0.00413632, "z": -0.00413528}}
{"event": "MANEUVER_PLANNED", "ts": "2026-03-29T17:57:33.271439+00:00", "sat_id": "SAT-008", "burn_id": "RECOVERY_SAT-008_60", "maneuver_type": "RECOVERY", "burn_sim_time_s": 720.0, "delta_v_km_s": {"x": 0.00811112, "y": -0.00413632, "z": -0.00413528}, "delta_v_magnitude_m_s": 10.0, "fuel_before_kg": 48.1337, "fuel_after_kg": 46.2737, "fuel_consumed_kg": 1.86}
{"event": "CDM_DETECTED", "ts": "2026-03-29T17:57:33.274461+00:00", "sat_id": "SAT-006", "debris_id": "DEB-CRIT-010", "tca_sim_time_s": 82535.0, "tca_in_s": 82475.0, "miss_distance_km": 0.03833, "severity": "CRITICAL"}
{"event": "MANEUVER_PLANNED", "ts": "2026-03-29T17:57:33.274843+00:00", "sat_id": "SAT-006", "burn_id": "EVASION_SAT-006_60", "maneuver_type": "EVASION", "burn_sim_time_s": 70.0, "delta_v_km_s": {"x": -0.00641307, "y": 0.00767284, "z": 0.0}, "delta_v_magnitude_m_s": 10.0, "fuel_before_kg": 50.0, "fuel_after_kg": 48.1337, "fuel_consumed_kg": 1.8663}
{"event": "MANEUVER_EXECUTED", "ts": "2026-03-29T17:57:33.275062+00:00", "sat_id": "SAT-006", "burn_id": "EVASION_SAT-006_60", "sim_time_s": 60.0, "delta_v_km_s": {"x": -0.00641307, "y": 0.00767284, "z": 0.0}, "delta_v_magnitude_m_s": 10.0, "fuel_remaining_kg": 48.1337, "success": true}
{"event": "RECOVERY_SCHEDULED", "ts": "2026-03-29T17:57:33.275219+00:00", "sat_id": "SAT-006", "burn_id": "RECOVERY_SAT-006_60", "paired_evasion_burn": "EVASION_SAT-006_60", "scheduled_sim_time_s": 720.0, "delta_v_km_s": {"x": 0.00641307, "y": -0.00767284, "z": -0.0}}
{"event": "MANEUVER_PLANNED", "ts": "2026-03-29T17:57:33.275399+00:00", "sat_id": "SAT-006", "burn_id": "RECOVERY_SAT-006_60", "maneuver_type": "RECOVERY", "burn_sim_time_s": 720.0, "delta_v_km_s": {"x": 0.00641307, "y": -0.00767284, "z": -0.0}, "delta_v_magnitude_m_s": 10.0, "fuel_before_kg": 48.1337, "fuel_after_kg": 46.2737, "fuel_consumed_kg": 1.86}
{"event": "CDM_DETECTED", "ts": "2026-03-29T17:57:33.275588+00:00", "sat_id": "SAT-007", "debris_id": "DEB-CRIT-008", "tca_sim_time_s": 83465.0, "tca_in_s": 83405.0, "miss_distance_km": 0.03853, "severity": "CRITICAL"}
{"event": "MANEUVER_PLANNED", "ts": "2026-03-29T17:57:33.280034+00:00", "sat_id": "SAT-007", "burn_id": "EVASION_SAT-007_60", "maneuver_type": "EVASION", "burn_sim_time_s": 70.0, "delta_v_km_s": {"x": -0.00731909, "y": 0.00601669, "z": 0.0031985}, "delta_v_magnitude_m_s": 10.0, "fuel_before_kg": 50.0, "fuel_after_kg": 48.1337, "fuel_consumed_kg": 1.8663}
{"event": "MANEUVER_EXECUTED", "ts": "2026-03-29T17:57:33.280623+00:00", "sat_id": "SAT-007", "burn_id": "EVASION_SAT-007_60", "sim_time_s": 60.0, "delta_v_km_s": {"x": -0.00731909, "y": 0.00601669, "z": 0.0031985}, "delta_v_magnitude_m_s": 10.0, "fuel_remaining_kg": 48.1337, "success": true}
{"event": "RECOVERY_SCHEDULED", "ts": "2026-03-29T17:57:33.280787+00:00", "sat_id": "SAT-007", "burn_id": "RECOVERY_SAT-007_60", "paired_evasion_burn": "EVASION_SAT-007_60", "scheduled_sim_time_s": 720.0, "delta_v_km_s": {"x": 0.00731909, "y": -0.00601669, "z": -0.0031985}}
{"event": "MANEUVER_PLANNED", "ts": "2026-03-29T17:57:33.280973+00:00", "sat_id": "SAT-007", "burn_id": "RECOVERY_SAT-007_60", "maneuver_type": "RECOVERY", "burn_sim_time_s": 720.0, "delta_v_km_s": {"x": 0.00731909, "y": -0.00601669, "z": -0.0031985}, "delta_v_magnitude_m_s": 10.0, "fuel_before_kg": 48.1337, "fuel_after_kg": 46.2737, "fuel_consumed_kg": 1.86}
{"event": "CDM_DETECTED", "ts": "2026-03-29T17:57:33.281149+00:00", "sat_id": "SAT-015", "debris_id": "DEB-CRIT-006", "tca_sim_time_s": 83580.0, "tca_in_s": 83520.0, "miss_distance_km": 0.03891, "severity": "CRITICAL"}
{"event": "MANEUVER_PLANNED", "ts": "2026-03-29T17:57:33.281500+00:00", "sat_id": "SAT-015", "burn_id": "EVASION_SAT-015_60", "maneuver_type": "EVASION", "burn_sim_time_s": 70.0, "delta_v_km_s": {"x": -0.00968045, "y": 0.00030541, "z": -0.00248909}, "delta_v_magnitude_m_s": 10.0, "fuel_before_kg": 50.0, "fuel_after_kg": 48.1337, "fuel_consumed_kg": 1.8663}
{"event": "MANEUVER_EXECUTED", "ts": "2026-03-29T17:57:33.281683+00:00", "sat_id": "SAT-015", "burn_id": "EVASION_SAT-015_60", "sim_time_s": 60.0, "delta_v_km_s": {"x": -0.00968045, "y": 0.00030541, "z": -0.00248909}, "delta_v_magnitude_m_s": 10.0, "fuel_remaining_kg": 48.1337, "success": true}
{"event": "RECOVERY_SCHEDULED", "ts": "2026-03-29T17:57:33.281828+00:00", "sat_id": "SAT-015", "burn_id": "RECOVERY_SAT-015_60", "paired_evasion_burn": "EVASION_SAT-015_60", "scheduled_sim_time_s": 720.0, "delta_v_km_s": {"x": 0.00968045, "y": -0.00030541, "z": 0.00248909}}
{"event": "MANEUVER_PLANNED", "ts": "2026-03-29T17:57:33.284067+00:00", "sat_id": "SAT-015", "burn_id": "RECOVERY_SAT-015_60", "maneuver_type": "RECOVERY", "burn_sim_time_s": 720.0, "delta_v_km_s": {"x": 0.00968045, "y": -0.00030541, "z": 0.00248909}, "delta_v_magnitude_m_s": 10.0, "fuel_before_kg": 48.1337, "fuel_after_kg": 46.2737, "fuel_consumed_kg": 1.86}
{"event": "CDM_DETECTED", "ts": "2026-03-29T17:57:33.284839+00:00", "sat_id": "SAT-035", "debris_id": "DEB-CRIT-009", "tca_sim_time_s": 84250.0, "tca_in_s": 84190.0, "miss_distance_km": 0.00707, "severity": "CRITICAL"}
{"event": "MANEUVER_PLANNED", "ts": "2026-03-29T17:57:33.285232+00:00", "sat_id": "SAT-035", "burn_id": "EVASION_SAT-035_60", "maneuver_type": "EVASION", "burn_sim_time_s": 70.0, "delta_v_km_s": {"x": 0.00930566, "y": 0.00044639, "z": -0.00363393}, "delta_v_magnitude_m_s": 10.0, "fuel_before_kg": 50.0, "fuel_after_kg": 48.1337, "fuel_consumed_kg": 1.8663}
{"event": "MANEUVER_EXECUTED", "ts": "2026-03-29T17:57:33.285424+00:00", "sat_id": "SAT-035", "burn_id": "EVASION_SAT-035_60", "sim_time_s": 60.0, "delta_v_km_s": {"x": 0.00930566, "y": 0.00044639, "z": -0.00363393}, "delta_v_magnitude_m_s": 10.0, "fuel_remaining_kg": 48.1337, "success": true}
{"event": "RECOVERY_SCHEDULED", "ts": "2026-03-29T17:57:33.285589+00:00", "sat_id": "SAT-035", "burn_id": "RECOVERY_SAT-035_60", "paired_evasion_burn": "EVASION_SAT-035_60", "scheduled_sim_time_s": 720.0, "delta_v_km_s": {"x": -0.00930566, "y": -0.00044639, "z": 0.00363393}}
{"event": "MANEUVER_PLANNED", "ts": "2026-03-29T17:57:33.285779+00:00", "sat_id": "SAT-035", "burn_id": "RECOVERY_SAT-035_60", "maneuver_type": "RECOVERY", "burn_sim_time_s": 720.0, "delta_v_km_s": {"x": -0.00930566, "y": -0.00044639, "z": 0.00363393}, "delta_v_magnitude_m_s": 10.0, "fuel_before_kg": 48.1337, "fuel_after_kg": 46.2737, "fuel_consumed_kg": 1.86}
{"event": "CDM_DETECTED", "ts": "2026-03-29T18:09:33.498505+00:00", "sat_id": "SAT-016", "debris_id": "DEB-CRIT-005", "tca_sim_time_s": 745.0, "tca_in_s": 685.0, "miss_distance_km": 0.04111, "severity": "CRITICAL"}
{"event": "MANEUVER_PLANNED", "ts": "2026-03-29T18:09:33.499194+00:00", "sat_id": "SAT-016", "burn_id": "EVASION_SAT-016_60", "maneuver_type": "EVASION", "burn_sim_time_s": 70.0, "delta_v_km_s": {"x": -0.00927905, "y": -0.00372816, "z": 0.0}, "delta_v_magnitude_m_s": 10.0, "fuel_before_kg": 50.0, "fuel_after_kg": 48.1337, "fuel_consumed_kg": 1.8663}
{"event": "MANEUVER_EXECUTED", "ts": "2026-03-29T18:09:33.499441+00:00", "sat_id": "SAT-016", "burn_id": "EVASION_SAT-016_60", "sim_time_s": 60.0, "delta_v_km_s": {"x": -0.00927905, "y": -0.00372816, "z": 0.0}, "delta_v_magnitude_m_s": 10.0, "fuel_remaining_kg": 48.1337, "success": true}
{"event": "RECOVERY_SCHEDULED", "ts": "2026-03-29T18:09:33.499674+00:00", "sat_id": "SAT-016", "burn_id": "RECOVERY_SAT-016_60", "paired_evasion_burn": "EVASION_SAT-016_60", "scheduled_sim_time_s": 720.0, "delta_v_km_s": {"x": 0.00927905, "y": 0.00372816, "z": -0.0}}
{"event": "MANEUVER_PLANNED", "ts": "2026-03-29T18:09:33.499898+00:00", "sat_id": "SAT-016", "burn_id": "RECOVERY_SAT-016_60", "maneuver_type": "RECOVERY", "burn_sim_time_s": 720.0, "delta_v_km_s": {"x": 0.00927905, "y": 0.00372816, "z": -0.0}, "delta_v_magnitude_m_s": 10.0, "fuel_before_kg": 48.1337, "fuel_after_kg": 46.2737, "fuel_consumed_kg": 1.86}
{"event": "CDM_DETECTED", "ts": "2026-03-29T18:09:33.500113+00:00", "sat_id": "SAT-041", "debris_id": "DEB-CRIT-001", "tca_sim_time_s": 745.0, "tca_in_s": 685.0, "miss_distance_km": 0.04111, "severity": "CRITICAL"}
{"event": "MANEUVER_PLANNED", "ts": "2026-03-29T18:09:33.500453+00:00", "sat_id": "SAT-041", "burn_id": "EVASION_SAT-041_60", "maneuver_type": "EVASION", "burn_sim_time_s": 70.0, "delta_v_km_s": {"x": 0.00927905, "y": 0.00372816, "z": 0.0}, "delta_v_magnitude_m_s": 10.0, "fuel_before_kg": 50.0, "fuel_after_kg": 48.1337, "fuel_consumed_kg": 1.8663}
{"event": "MANEUVER_EXECUTED", "ts": "2026-03-29T18:09:33.500604+00:00", "sat_id": "SAT-041", "burn_id": "EVASION_SAT-041_60", "sim_time_s": 60.0, "delta_v_km_s": {"x": 0.00927905, "y": 0.00372816, "z": 0.0}, "delta_v_magnitude_m_s": 10.0, "fuel_remaining_kg": 48.1337, "success": true}
{"event": "RECOVERY_SCHEDULED", "ts": "2026-03-29T18:09:33.500777+00:00", "sat_id": "SAT-041", "burn_id": "RECOVERY_SAT-041_60", "paired_evasion_burn": "EVASION_SAT-041_60", "scheduled_sim_time_s": 720.0, "delta_v_km_s": {"x": -0.00927905, "y": -0.00372816, "z": -0.0}}
{"event": "MANEUVER_PLANNED", "ts": "2026-03-29T18:09:33.500984+00:00", "sat_id": "SAT-041", "burn_id": "RECOVERY_SAT-041_60", "maneuver_type": "RECOVERY", "burn_sim_time_s": 720.0, "delta_v_km_s": {"x": -0.00927905, "y": -0.00372816, "z": -0.0}, "delta_v_magnitude_m_s": 10.0, "fuel_before_kg": 48.1337, "fuel_after_kg": 46.2737, "fuel_consumed_kg": 1.86}
{"event": "CDM_DETECTED", "ts": "2026-03-29T18:09:33.501171+00:00", "sat_id": "SAT-002", "debris_id": "DEB-CRIT-003", "tca_sim_time_s": 755.0, "tca_in_s": 695.0, "miss_distance_km": 0.04074, "severity": "CRITICAL"}
{"event": "MANEUVER_PLANNED", "ts": "2026-03-29T18:09:33.501515+00:00", "sat_id": "SAT-002", "burn_id": "EVASION_SAT-002_60", "maneuver_type": "EVASION", "burn_sim_time_s": 70.0, "delta_v_km_s": {"x": -0.00191609, "y": 0.00866594, "z": 0.00460762}, "delta_v_magnitude_m_s": 10.0, "fuel_before_kg": 50.0, "fuel_after_kg": 48.1337, "fuel_consumed_kg": 1.8663}
{"event": "MANEUVER_EXECUTED", "ts": "2026-03-29T18:09:33.501660+00:00", "sat_id": "SAT-002", "burn_id": "EVASION_SAT-002_60", "sim_time_s": 60.0, "delta_v_km_s": {"x": -0.00191609, "y": 0.00866594, "z": 0.00460762}, "delta_v_magnitude_m_s": 10.0, "fuel_remaining_kg": 48.1337, "success": true}
{"event": "RECOVERY_SCHEDULED", "ts": "2026-03-29T18:09:33.501817+00:00", "sat_id": "SAT-002", "burn_id": "RECOVERY_SAT-002_60", "paired_evasion_burn": "EVASION_SAT-002_60", "scheduled_sim_time_s": 720.0, "delta_v_km_s": {"x": 0.00191609, "y": -0.00866594, "z": -0.00460762}}
{"event": "MANEUVER_PLANNED", "ts": "2026-03-29T18:09:33.502013+00:00", "sat_id": "SAT-002", "burn_id": "RECOVERY_SAT-002_60", "maneuver_type": "RECOVERY", "burn_sim_time_s": 720.0, "delta_v_km_s": {"x": 0.00191609, "y": -0.00866594, "z": -0.00460762}, "delta_v_magnitude_m_s": 10.0, "fuel_before_kg": 48.1337, "fuel_after_kg": 46.2737, "fuel_consumed_kg": 1.86}
{"event": "CDM_DETECTED", "ts": "2026-03-29T18:09:33.502191+00:00", "sat_id": "SAT-018", "debris_id": "DEB-CRIT-004", "tca_sim_time_s": 765.0, "tca_in_s": 705.0, "miss_distance_km": 0.04062, "severity": "CRITICAL"}
{"event": "MANEUVER_PLANNED", "ts": "2026-03-29T18:09:33.502528+00:00", "sat_id": "SAT-018", "burn_id": "EVASION_SAT-018_60", "maneuver_type": "EVASION", "burn_sim_time_s": 70.0, "delta_v_km_s": {"x": -0.0080691, "y": -0.00417616, "z": -0.00417724}, "delta_v_magnitude_m_s": 10.0, "fuel_before_kg": 50.0, "fuel_after_kg": 48.1337, "fuel_consumed_kg": 1.8663}
{"event": "MANEUVER_EXECUTED", "ts": "2026-03-29T18:09:33.502671+00:00", "sat_id": "SAT-018", "burn_id": "EVASION_SAT-018_60", "sim_time_s": 60.0, "delta_v_km_s": {"x": -0.0080691, "y": -0.00417616, "z": -0.00417724}, "delta_v_magnitude_m_s": 10.0, "fuel_remaining_kg": 48.1337, "success": true}
{"event": "RECOVERY_SCHEDULED", "ts": "2026-03-29T18:09:33.502825+00:00", "sat_id": "SAT-018", "burn_id": "RECOVERY_SAT-018_60", "paired_evasion_burn": "EVASION_SAT-018_60", "scheduled_sim_time_s": 720.0, "delta_v_km_s": {"x": 0.0080691, "y": 0.00417616, "z": 0.00417724}}
{"event": "MANEUVER_PLANNED", "ts": "2026-03-29T18:09:33.503046+00:00", "sat_id": "SAT-018", "burn_id": "RECOVERY_SAT-018_60", "maneuver_type": "RECOVERY", "burn_sim_time_s": 720.0, "delta_v_km_s": {"x": 0.0080691, "y": 0.00417616, "z": 0.00417724}, "delta_v_magnitude_m_s": 10.0, "fuel_before_kg": 48.1337, "fuel_after_kg": 46.2737, "fuel_consumed_kg": 1.86}
{"event": "CDM_DETECTED", "ts": "2026-03-29T18:09:33.503231+00:00", "sat_id": "SAT-009", "debris_id": "DEB-CRIT-007", "tca_sim_time_s": 770.0, "tca_in_s": 710.0, "miss_distance_km": 0.04113, "severity": "CRITICAL"}
{"event": "MANEUVER_PLANNED", "ts": "2026-03-29T18:09:33.503573+00:00", "sat_id": "SAT-009", "burn_id": "EVASION_SAT-009_60", "maneuver_type": "EVASION", "burn_sim_time_s": 70.0, "delta_v_km_s": {"x": -0.00877679, "y": 0.00288479, "z": 0.003827}, "delta_v_magnitude_m_s": 10.0, "fuel_before_kg": 50.0, "fuel_after_kg": 48.1337, "fuel_consumed_kg": 1.8663}
{"event": "MANEUVER_EXECUTED", "ts": "2026-03-29T18:09:33.503720+00:00", "sat_id": "SAT-009", "burn_id": "EVASION_SAT-009_60", "sim_time_s": 60.0, "delta_v_km_s": {"x": -0.00877679, "y": 0.00288479, "z": 0.003827}, "delta_v_magnitude_m_s": 10.0, "fuel_remaining_kg": 48.1337, "success": true}
{"event": "RECOVERY_SCHEDULED", "ts": "2026-03-29T18:09:33.503897+00:00", "sat_id": "SAT-009", "burn_id": "RECOVERY_SAT-009_60", "paired_evasion_burn": "EVASION_SAT-009_60", "scheduled_sim_time_s": 720.0, "delta_v_km_s": {"x": 0.00877679, "y": -0.00288479, "z": -0.003827}}
{"event": "MANEUVER_PLANNED", "ts": "2026-03-29T18:09:33.504085+00:00", "sat_id": "SAT-009", "burn_id": "RECOVERY_SAT-009_60", "maneuver_type": "RECOVERY", "burn_sim_time_s": 720.0, "delta_v_km_s": {"x": 0.00877679, "y": -0.00288479, "z": -0.003827}, "delta_v_magnitude_m_s": 10.0, "fuel_before_kg": 48.1337, "fuel_after_kg": 46.2737, "fuel_consumed_kg": 1.86}
{"event": "CDM_DETECTED", "ts": "2026-03-29T18:09:33.504268+00:00", "sat_id": "SAT-008", "debris_id": "DEB-CRIT-002", "tca_sim_time_s": 22695.0, "tca_in_s": 22635.0, "miss_distance_km": 0.00521, "severity": "CRITICAL"}
{"event": "MANEUVER_PLANNED", "ts": "2026-03-29T18:09:33.504638+00:00", "sat_id": "SAT-008", "burn_id": "EVASION_SAT-008_60", "maneuver_type": "EVASION", "burn_sim_time_s": 70.0, "delta_v_km_s": {"x": -0.00811112, "y": 0.00413632, "z": 0.00413528}, "delta_v_magnitude_m_s": 10.0, "fuel_before_kg": 50.0, "fuel_after_kg": 48.1337, "fuel_consumed_kg": 1.8663}
{"event": "MANEUVER_EXECUTED", "ts": "2026-03-29T18:09:33.504814+00:00", "sat_id": "SAT-008", "burn_id": "EVASION_SAT-008_60", "sim_time_s": 60.0, "delta_v_km_s": {"x": -0.00811112, "y": 0.00413632, "z": 0.00413528}, "delta_v_magnitude_m_s": 10.0, "fuel_remaining_kg": 48.1337, "success": true}
{"event": "RECOVERY_SCHEDULED", "ts": "2026-03-29T18:09:33.504982+00:00", "sat_id": "SAT-008", "burn_id": "RECOVERY_SAT-008_60", "paired_evasion_burn": "EVASION_SAT-008_60", "scheduled_sim_time_s": 720.0, "delta_v_km_s": {"x": 0.00811112, "y": -0.00413632, "z": -0.00413528}}
{"event": "MANEUVER_PLANNED", "ts": "2026-03-29T18:09:33.505146+00:00", "sat_id": "SAT-008", "burn_id": "RECOVERY_SAT-008_60", "maneuver_type": "RECOVERY", "burn_sim_time_s": 720.0, "delta_v_km_s": {"x": 0.00811112, "y": -0.00413632, "z": -0.00413528}, "delta_v_magnitude_m_s": 10.0, "fuel_before_kg": 48.1337, "fuel_after_kg": 46.2737, "fuel_consumed_kg": 1.86}
{"event": "CDM_DETECTED", "ts": "2026-03-29T18:09:33.505321+00:00", "sat_id": "SAT-006", "debris_id": "DEB-CRIT-010", "tca_sim_time_s": 82535.0, "tca_in_s": 82475.0, "miss_distance_km": 0.03833, "severity": "CRITICAL"}
{"event": "MANEUVER_PLANNED", "ts": "2026-03-29T18:09:33.505666+00:00", "sat_id": "SAT-006", "burn_id": "EVASION_SAT-006_60", "maneuver_type": "EVASION", "burn_sim_time_s": 70.0, "delta_v_km_s": {"x": -0.00641307, "y": 0.00767284, "z": 0.0}, "delta_v_magnitude_m_s": 10.0, "fuel_before_kg": 50.0, "fuel_after_kg": 48.1337, "fuel_consumed_kg": 1.8663}
{"event": "MANEUVER_EXECUTED", "ts": "2026-03-29T18:09:33.505844+00:00", "sat_id": "SAT-006", "burn_id": "EVASION_SAT-006_60", "sim_time_s": 60.0, "delta_v_km_s": {"x": -0.00641307, "y": 0.00767284, "z": 0.0}, "delta_v_magnitude_m_s": 10.0, "fuel_remaining_kg": 48.1337, "success": true}
{"event": "RECOVERY_SCHEDULED", "ts": "2026-03-29T18:09:33.506034+00:00", "sat_id": "SAT-006", "burn_id": "RECOVERY_SAT-006_60", "paired_evasion_burn": "EVASION_SAT-006_60", "scheduled_sim_time_s": 720.0, "delta_v_km_s": {"x": 0.00641307, "y": -0.00767284, "z": -0.0}}
{"event": "MANEUVER_PLANNED", "ts": "2026-03-29T18:09:33.506211+00:00", "sat_id": "SAT-006", "burn_id": "RECOVERY_SAT-006_60", "maneuver_type": "RECOVERY", "burn_sim_time_s": 720.0, "delta_v_km_s": {"x": 0.00641307, "y": -0.00767284, "z": -0.0}, "delta_v_magnitude_m_s": 10.0, "fuel_before_kg": 48.1337, "fuel_after_kg": 46.2737, "fuel_consumed_kg": 1.86}
{"event": "CDM_DETECTED", "ts": "2026-03-29T18:09:33.506390+00:00", "sat_id": "SAT-007", "debris_id": "DEB-CRIT-008", "tca_sim_time_s": 83465.0, "tca_in_s": 83405.0, "miss_distance_km": 0.03853, "severity": "CRITICAL"}
{"event": "MANEUVER_PLANNED", "ts": "2026-03-29T18:09:33.506724+00:00", "sat_id": "SAT-007", "burn_id": "EVASION_SAT-007_60", "maneuver_type": "EVASION", "burn_sim_time_s": 70.0, "delta_v_km_s": {"x": -0.00731909, "y": 0.00601669, "z": 0.0031985}, "delta_v_magnitude_m_s": 10.0, "fuel_before_kg": 50.0, "fuel_after_kg": 48.1337, "fuel_consumed_kg": 1.8663}
{"event": "MANEUVER_EXECUTED", "ts": "2026-03-29T18:09:33.506908+00:00", "sat_id": "SAT-007", "burn_id": "EVASION_SAT-007_60", "sim_time_s": 60.0, "delta_v_km_s": {"x": -0.00731909, "y": 0.00601669, "z": 0.0031985}, "delta_v_magnitude_m_s": 10.0, "fuel_remaining_kg": 48.1337, "success": true}
{"event": "RECOVERY_SCHEDULED", "ts": "2026-03-29T18:09:33.507032+00:00", "sat_id": "SAT-007", "burn_id": "RECOVERY_SAT-007_60", "paired_evasion_burn": "EVASION_SAT-007_60", "scheduled_sim_time_s": 720.0, "delta_v_km_s": {"x": 0.00731909, "y": -0.00601669, "z": -0.0031985}}
{"event": "MANEUVER_PLANNED", "ts": "2026-03-29T18:09:33.507164+00:00", "sat_id": "SAT-007", "burn_id": "RECOVERY_SAT-007_60", "maneuver_type": "RECOVERY", "burn_sim_time_s": 720.0, "delta_v_km_s": {"x": 0.00731909, "y": -0.00601669, "z": -0.0031985}, "delta_v_magnitude_m_s": 10.0, "fuel_before_kg": 48.1337, "fuel_after_kg": 46.2737, "fuel_consumed_kg": 1.86}
{"event": "CDM_DETECTED", "ts": "2026-03-29T18:09:33.507291+00:00", "sat_id": "SAT-015", "debris_id": "DEB-CRIT-006", "tca_sim_time_s": 83580.0, "tca_in_s": 83520.0, "miss_distance_km": 0.03891, "severity": "CRITICAL"}
{"event": "MANEUVER_PLANNED", "ts": "2026-03-29T18:09:33.507590+00:00", "sat_id": "SAT-015", "burn_id": "EVASION_SAT-015_60", "maneuver_type": "EVASION", "burn_sim_time_s": 70.0, "delta_v_km_s": {"x": -0.00968045, "y": 0.00030541, "z": -0.00248909}, "delta_v_magnitude_m_s": 10.0, "fuel_before_kg": 50.0, "fuel_after_kg": 48.1337, "fuel_consumed_kg": 1.8663}
{"event": "MANEUVER_EXECUTED", "ts": "2026-03-29T18:09:33.507734+00:00", "sat_id": "SAT-015", "burn_id": "EVASION_SAT-015_60", "sim_time_s": 60.0, "delta_v_km_s": {"x": -0.00968045, "y": 0.00030541, "z": -0.00248909}, "delta_v_magnitude_m_s": 10.0, "fuel_remaining_kg": 48.1337, "success": true}
{"event": "RECOVERY_SCHEDULED", "ts": "2026-03-29T18:09:33.507856+00:00", "sat_id": "SAT-015", "burn_id": "RECOVERY_SAT-015_60", "paired_evasion_burn": "EVASION_SAT-015_60", "scheduled_sim_time_s": 720.0, "delta_v_km_s": {"x": 0.00968045, "y": -0.00030541, "z": 0.00248909}}
{"event": "MANEUVER_PLANNED", "ts": "2026-03-29T18:09:33.508033+00:00", "sat_id": "SAT-015", "burn_id": "RECOVERY_SAT-015_60", "maneuver_type": "RECOVERY", "burn_sim_time_s": 720.0, "delta_v_km_s": {"x": 0.00968045, "y": -0.00030541, "z": 0.00248909}, "delta_v_magnitude_m_s": 10.0, "fuel_before_kg": 48.1337, "fuel_after_kg": 46.2737, "fuel_consumed_kg": 1.86}
{"event": "CDM_DETECTED", "ts": "2026-03-29T18:09:33.508184+00:00", "sat_id": "SAT-035", "debris_id": "DEB-CRIT-009", "tca_sim_time_s": 84250.0, "tca_in_s": 84190.0, "miss_distance_km": 0.00707, "severity": "CRITICAL"}
{"event": "MANEUVER_PLANNED", "ts": "2026-03-29T18:09:33.508507+00:00", "sat_id": "SAT-035", "burn_id": "EVASION_SAT-035_60", "maneuver_type": "EVASION", "burn_sim_time_s": 70.0, "delta_v_km_s": {"x": 0.00930566, "y": 0.00044639, "z": -0.00363393}, "delta_v_magnitude_m_s": 10.0, "fuel_before_kg": 50.0, "fuel_after_kg": 48.1337, "fuel_consumed_kg": 1.8663}
{"event": "MANEUVER_EXECUTED", "ts": "2026-03-29T18:09:33.508654+00:00", "sat_id": "SAT-035", "burn_id": "EVASION_SAT-035_60", "sim_time_s": 60.0, "delta_v_km_s": {"x": 0.00930566, "y": 0.00044639, "z": -0.00363393}, "delta_v_magnitude_m_s": 10.0, "fuel_remaining_kg": 48.1337, "success": true}
{"event": "RECOVERY_SCHEDULED", "ts": "2026-03-29T18:09:33.508772+00:00", "sat_id": "SAT-035", "burn_id": "RECOVERY_SAT-035_60", "paired_evasion_burn": "EVASION_SAT-035_60", "scheduled_sim_time_s": 720.0, "delta_v_km_s": {"x": -0.00930566, "y": -0.00044639, "z": 0.00363393}}
{"event": "MANEUVER_PLANNED", "ts": "2026-03-29T18:09:33.508933+00:00", "sat_id": "SAT-035", "burn_id": "RECOVERY_SAT-035_60", "maneuver_type": "RECOVERY", "burn_sim_time_s": 720.0, "delta_v_km_s": {"x": -0.00930566, "y": -0.00044639, "z": 0.00363393}, "delta_v_magnitude_m_s": 10.0, "fuel_before_kg": 48.1337, "fuel_after_kg": 46.2737, "fuel_consumed_kg": 1.86}
{"event": "CDM_DETECTED", "ts": "2026-03-29T18:11:59.549787+00:00", "sat_id": "SAT-016", "debris_id": "DEB-CRIT-005", "tca_sim_time_s": 745.0, "tca_in_s": 685.0, "miss_distance_km": 0.04111, "severity": "CRITICAL"}
{"event": "MANEUVER_PLANNED", "ts": "2026-03-29T18:11:59.550351+00:00", "sat_id": "SAT-016", "burn_id": "EVASION_SAT-016_60", "maneuver_type": "EVASION", "burn_sim_time_s": 70.0, "delta_v_km_s": {"x": -0.00927905, "y": -0.00372816, "z": 0.0}, "delta_v_magnitude_m_s": 10.0, "fuel_before_kg": 50.0, "fuel_after_kg": 48.1337, "fuel_consumed_kg": 1.8663}
{"event": "MANEUVER_EXECUTED", "ts": "2026-03-29T18:11:59.550551+00:00", "sat_id": "SAT-016", "burn_id": "EVASION_SAT-016_60", "sim_time_s": 60.0, "delta_v_km_s": {"x": -0.00927905, "y": -0.00372816, "z": 0.0}, "delta_v_magnitude_m_s": 10.0, "fuel_remaining_kg": 48.1337, "success": true}
{"event": "RECOVERY_SCHEDULED", "ts": "2026-03-29T18:11:59.550713+00:00", "sat_id": "SAT-016", "burn_id": "RECOVERY_SAT-016_60", "paired_evasion_burn": "EVASION_SAT-016_60", "scheduled_sim_time_s": 720.0, "delta_v_km_s": {"x": 0.00927905, "y": 0.00372816, "z": -0.0}}
{"event": "MANEUVER_PLANNED", "ts": "2026-03-29T18:11:59.550926+00:00", "sat_id": "SAT-016", "burn_id": "RECOVERY_SAT-016_60", "maneuver_type": "RECOVERY", "burn_sim_time_s": 720.0, "delta_v_km_s": {"x": 0.00927905, "y": 0.00372816, "z": -0.0}, "delta_v_magnitude_m_s": 10.0, "fuel_before_kg": 48.1337, "fuel_after_kg": 46.2737, "fuel_consumed_kg": 1.86}
{"event": "CDM_DETECTED", "ts": "2026-03-29T18:11:59.551127+00:00", "sat_id": "SAT-041", "debris_id": "DEB-CRIT-001", "tca_sim_time_s": 745.0, "tca_in_s": 685.0, "miss_distance_km": 0.04111, "severity": "CRITICAL"}
{"event": "MANEUVER_PLANNED", "ts": "2026-03-29T18:11:59.551465+00:00", "sat_id": "SAT-041", "burn_id": "EVASION_SAT-041_60", "maneuver_type": "EVASION", "burn_sim_time_s": 70.0, "delta_v_km_s": {"x": 0.00927905, "y": 0.00372816, "z": 0.0}, "delta_v_magnitude_m_s": 10.0, "fuel_before_kg": 50.0, "fuel_after_kg": 48.1337, "fuel_consumed_kg": 1.8663}
{"event": "MANEUVER_EXECUTED", "ts": "2026-03-29T18:11:59.551624+00:00", "sat_id": "SAT-041", "burn_id": "EVASION_SAT-041_60", "sim_time_s": 60.0, "delta_v_km_s": {"x": 0.00927905, "y": 0.00372816, "z": 0.0}, "delta_v_magnitude_m_s": 10.0, "fuel_remaining_kg": 48.1337, "success": true}
{"event": "RECOVERY_SCHEDULED", "ts": "2026-03-29T18:11:59.551785+00:00", "sat_id": "SAT-041", "burn_id": "RECOVERY_SAT-041_60", "paired_evasion_burn": "EVASION_SAT-041_60", "scheduled_sim_time_s": 720.0, "delta_v_km_s": {"x": -0.00927905, "y": -0.00372816, "z": -0.0}}
{"event": "MANEUVER_PLANNED", "ts": "2026-03-29T18:11:59.551998+00:00", "sat_id": "SAT-041", "burn_id": "RECOVERY_SAT-041_60", "maneuver_type": "RECOVERY", "burn_sim_time_s": 720.0, "delta_v_km_s": {"x": -0.00927905, "y": -0.00372816, "z": -0.0}, "delta_v_magnitude_m_s": 10.0, "fuel_before_kg": 48.1337, "fuel_after_kg": 46.2737, "fuel_consumed_kg": 1.86}
{"event": "CDM_DETECTED", "ts": "2026-03-29T18:11:59.552203+00:00", "sat_id": "SAT-002", "debris_id": "DEB-CRIT-003", "tca_sim_time_s": 755.0, "tca_in_s": 695.0, "miss_distance_km": 0.04074, "severity": "CRITICAL"}
{"event": "MANEUVER_PLANNED", "ts": "2026-03-29T18:11:59.552546+00:00", "sat_id": "SAT-002", "burn_id": "EVASION_SAT-002_60", "maneuver_type": "EVASION", "burn_sim_time_s": 70.0, "delta_v_km_s": {"x": -0.00191609, "y": 0.00866594, "z": 0.00460762}, "delta_v_magnitude_m_s": 10.0, "fuel_before_kg": 50.0, "fuel_after_kg": 48.1337, "fuel_consumed_kg": 1.8663}
{"event": "MANEUVER_EXECUTED", "ts": "2026-03-29T18:11:59.552697+00:00", "sat_id": "SAT-002", "burn_id": "EVASION_SAT-002_60", "sim_time_s": 60.0, "delta_v_km_s": {"x": -0.00191609, "y": 0.00866594, "z": 0.00460762}, "delta_v_magnitude_m_s": 10.0, "fuel_remaining_kg": 48.1337, "success": true}
{"event": "RECOVERY_SCHEDULED", "ts": "2026-03-29T18:11:59.552854+00:00", "sat_id": "SAT-002", "burn_id": "RECOVERY_SAT-002_60", "paired_evasion_burn": "EVASION_SAT-002_60", "scheduled_sim_time_s": 720.0, "delta_v_km_s": {"x": 0.00191609, "y": -0.00866594, "z": -0.00460762}}
{"event": "MANEUVER_PLANNED", "ts": "2026-03-29T18:11:59.553063+00:00", "sat_id": "SAT-002", "burn_id": "RECOVERY_SAT-002_60", "maneuver_type": "RECOVERY", "burn_sim_time_s": 720.0, "delta_v_km_s": {"x": 0.00191609, "y": -0.00866594, "z": -0.00460762}, "delta_v_magnitude_m_s": 10.0, "fuel_before_kg": 48.1337, "fuel_after_kg": 46.2737, "fuel_consumed_kg": 1.86}
{"event": "CDM_DETECTED", "ts": "2026-03-29T18:11:59.553241+00:00", "sat_id": "SAT-018", "debris_id": "DEB-CRIT-004", "tca_sim_time_s": 765.0, "tca_in_s": 705.0, "miss_distance_km": 0.04062, "severity": "CRITICAL"}
{"event": "MANEUVER_PLANNED", "ts": "2026-03-29T18:11:59.553568+00:00", "sat_id": "SAT-018", "burn_id": "EVASION_SAT-018_60", "maneuver_type": "EVASION", "burn_sim_time_s": 70.0, "delta_v_km_s": {"x": -0.0080691, "y": -0.00417616, "z": -0.00417724}, "delta_v_magnitude_m_s": 10.0, "fuel_before_kg": 50.0, "fuel_after_kg": 48.1337, "fuel_consumed_kg": 1.8663}
{"event": "MANEUVER_EXECUTED", "ts": "2026-03-29T18:11:59.553716+00:00", "sat_id": "SAT-018", "burn_id": "EVASION_SAT-018_60", "sim_time_s": 60.0, "delta_v_km_s": {"x": -0.0080691, "y": -0.00417616, "z": -0.00417724}, "delta_v_magnitude_m_s": 10.0, "fuel_remaining_kg": 48.1337, "success": true}
{"event": "RECOVERY_SCHEDULED", "ts": "2026-03-29T18:11:59.553869+00:00", "sat_id": "SAT-018", "burn_id": "RECOVERY_SAT-018_60", "paired_evasion_burn": "EVASION_SAT-018_60", "scheduled_sim_time_s": 720.0, "delta_v_km_s": {"x": 0.0080691, "y": 0.00417616, "z": 0.00417724}}
{"event": "MANEUVER_PLANNED", "ts": "2026-03-29T18:11:59.554079+00:00", "sat_id": "SAT-018", "burn_id": "RECOVERY_SAT-018_60", "maneuver_type": "RECOVERY", "burn_sim_time_s": 720.0, "delta_v_km_s": {"x": 0.0080691, "y": 0.00417616, "z": 0.00417724}, "delta_v_magnitude_m_s": 10.0, "fuel_before_kg": 48.1337, "fuel_after_kg": 46.2737, "fuel_consumed_kg": 1.86}
{"event": "CDM_DETECTED", "ts": "2026-03-29T18:11:59.554261+00:00", "sat_id": "SAT-009", "debris_id": "DEB-CRIT-007", "tca_sim_time_s": 770.0, "tca_in_s": 710.0, "miss_distance_km": 0.04113, "severity": "CRITICAL"}
{"event": "MANEUVER_PLANNED", "ts": "2026-03-29T18:11:59.554598+00:00", "sat_id": "SAT-009", "burn_id": "EVASION_SAT-009_60", "maneuver_type": "EVASION", "burn_sim_time_s": 70.0, "delta_v_km_s": {"x": -0.00877679, "y": 0.00288479, "z": 0.003827}, "delta_v_magnitude_m_s": 10.0, "fuel_before_kg": 50.0, "fuel_after_kg": 48.1337, "fuel_consumed_kg": 1.8663}
{"event": "MANEUVER_EXECUTED", "ts": "2026-03-29T18:11:59.554746+00:00", "sat_id": "SAT-009", "burn_id": "EVASION_SAT-009_60", "sim_time_s": 60.0, "delta_v_km_s": {"x": -0.00877679, "y": 0.00288479, "z": 0.003827}, "delta_v_magnitude_m_s": 10.0, "fuel_remaining_kg": 48.1337, "success": true}
{"event": "RECOVERY_SCHEDULED", "ts": "2026-03-29T18:11:59.554919+00:00", "sat_id": "SAT-009", "burn_id": "RECOVERY_SAT-009_60", "paired_evasion_burn": "EVASION_SAT-009_60", "scheduled_sim_time_s": 720.0, "delta_v_km_s": {"x": 0.00877679, "y": -0.00288479, "z": -0.003827}}
{"event": "MANEUVER_PLANNED", "ts": "2026-03-29T18:11:59.555111+00:00", "sat_id": "SAT-009", "burn_id": "RECOVERY_SAT-009_60", "maneuver_type": "RECOVERY", "burn_sim_time_s": 720.0, "delta_v_km_s": {"x": 0.00877679, "y": -0.00288479, "z": -0.003827}, "delta_v_magnitude_m_s": 10.0, "fuel_before_kg": 48.1337, "fuel_after_kg": 46.2737, "fuel_consumed_kg": 1.86}
{"event": "CDM_DETECTED", "ts": "2026-03-29T18:11:59.555287+00:00", "sat_id": "SAT-008", "debris_id": "DEB-CRIT-002", "tca_sim_time_s": 22695.0, "tca_in_s": 22635.0, "miss_distance_km": 0.00521, "severity": "CRITICAL"}
{"event": "MANEUVER_PLANNED", "ts": "2026-03-29T18:11:59.555636+00:00", "sat_id": "SAT-008", "burn_id": "EVASION_SAT-008_60", "maneuver_type": "EVASION", "burn_sim_time_s": 70.0, "delta_v_km_s": {"x": -0.00811112, "y": 0.00413632, "z": 0.00413528}, "delta_v_magnitude_m_s": 10.0, "fuel_before_kg": 50.0, "fuel_after_kg": 48.1337, "fuel_consumed_kg": 1.8663}
{"event": "MANEUVER_EXECUTED", "ts": "2026-03-29T18:11:59.555811+00:00", "sat_id": "SAT-008", "burn_id": "EVASION_SAT-008_60", "sim_time_s": 60.0, "delta_v_km_s": {"x": -0.00811112, "y": 0.00413632, "z": 0.00413528}, "delta_v_magnitude_m_s": 10.0, "fuel_remaining_kg": 48.1337, "success": true}
{"event": "RECOVERY_SCHEDULED", "ts": "2026-03-29T18:11:59.555984+00:00", "sat_id": "SAT-008", "burn_id": "RECOVERY_SAT-008_60", "paired_evasion_burn": "EVASION_SAT-008_60", "scheduled_sim_time_s": 720.0, "delta_v_km_s": {"x": 0.00811112, "y": -0.00413632, "z": -0.00413528}}
{"event": "MANEUVER_PLANNED", "ts": "2026-03-29T18:11:59.556152+00:00", "sat_id": "SAT-008", "burn_id": "RECOVERY_SAT-008_60", "maneuver_type": "RECOVERY", "burn_sim_time_s": 720.0, "delta_v_km_s": {"x": 0.00811112, "y": -0.00413632, "z": -0.00413528}, "delta_v_magnitude_m_s": 10.0, "fuel_before_kg": 48.1337, "fuel_after_kg": 46.2737, "fuel_consumed_kg": 1.86}
{"event": "CDM_DETECTED", "ts": "2026-03-29T18:11:59.556327+00:00", "sat_id": "SAT-006", "debris_id": "DEB-CRIT-010", "tca_sim_time_s": 82535.0, "tca_in_s": 82475.0, "miss_distance_km": 0.03833, "severity": "CRITICAL"}
{"event": "MANEUVER_PLANNED", "ts": "2026-03-29T18:11:59.556664+00:00", "sat_id": "SAT-006", "burn_id": "EVASION_SAT-006_60", "maneuver_type": "EVASION", "burn_sim_time_s": 70.0, "delta_v_km_s": {"x": -0.00641307, "y": 0.00767284, "z": 0.0}, "delta_v_magnitude_m_s": 10.0, "fuel_before_kg": 50.0, "fuel_after_kg": 48.1337, "fuel_consumed_kg": 1.8663}
{"event": "MANEUVER_EXECUTED", "ts": "2026-03-29T18:11:59.556834+00:00", "sat_id": "SAT-006", "burn_id": "EVASION_SAT-006_60", "sim_time_s": 60.0, "delta_v_km_s": {"x": -0.00641307, "y": 0.00767284, "z": 0.0}, "delta_v_magnitude_m_s": 10.0, "fuel_remaining_kg": 48.1337, "success": true}
{"event": "RECOVERY_SCHEDULED", "ts": "2026-03-29T18:11:59.557010+00:00", "sat_id": "SAT-006", "burn_id": "RECOVERY_SAT-006_60", "paired_evasion_burn": "EVASION_SAT-006_60", "scheduled_sim_time_s": 720.0, "delta_v_km_s": {"x": 0.00641307, "y": -0.00767284, "z": -0.0}}
{"event": "MANEUVER_PLANNED", "ts": "2026-03-29T18:11:59.557177+00:00", "sat_id": "SAT-006", "burn_id": "RECOVERY_SAT-006_60", "maneuver_type": "RECOVERY", "burn_sim_time_s": 720.0, "delta_v_km_s": {"x": 0.00641307, "y": -0.00767284, "z": -0.0}, "delta_v_magnitude_m_s": 10.0, "fuel_before_kg": 48.1337, "fuel_after_kg": 46.2737, "fuel_consumed_kg": 1.86}
{"event": "CDM_DETECTED", "ts": "2026-03-29T18:11:59.557341+00:00", "sat_id": "SAT-007", "debris_id": "DEB-CRIT-008", "tca_sim_time_s": 83465.0, "tca_in_s": 83405.0, "miss_distance_km": 0.03853, "severity": "CRITICAL"}
{"event": "MANEUVER_PLANNED", "ts": "2026-03-29T18:11:59.557677+00:00", "sat_id": "SAT-007", "burn_id": "EVASION_SAT-007_60", "maneuver_type": "EVASION", "burn_sim_time_s": 70.0, "delta_v_km_s": {"x": -0.00731909, "y": 0.00601669, "z": 0.0031985}, "delta_v_magnitude_m_s": 10.0, "fuel_before_kg": 50.0, "fuel_after_kg": 48.1337, "fuel_consumed_kg": 1.8663}
{"event": "MANEUVER_EXECUTED", "ts": "2026-03-29T18:11:59.557848+00:00", "sat_id": "SAT-007", "burn_id": "EVASION_SAT-007_60", "sim_time_s": 60.0, "delta_v_km_s": {"x": -0.00731909, "y": 0.00601669, "z": 0.0031985}, "delta_v_magnitude_m_s": 10.0, "fuel_remaining_kg": 48.1337, "success": true}
{"event": "RECOVERY_SCHEDULED", "ts": "2026-03-29T18:11:59.558010+00:00", "sat_id": "SAT-007", "burn_id": "RECOVERY_SAT-007_60", "paired_evasion_burn": "EVASION_SAT-007_60", "scheduled_sim_time_s": 720.0, "delta_v_km_s": {"x": 0.00731909, "y": -0.00601669, "z": -0.0031985}}
{"event": "MANEUVER_PLANNED", "ts": "2026-03-29T18:11:59.558151+00:00", "sat_id": "SAT-007", "burn_id": "RECOVERY_SAT-007_60", "maneuver_type": "RECOVERY", "burn_sim_time_s": 720.0, "delta_v_km_s": {"x": 0.00731909, "y": -0.00601669, "z": -0.0031985}, "delta_v_magnitude_m_s": 10.0, "fuel_before_kg": 48.1337, "fuel_after_kg": 46.2737, "fuel_consumed_kg": 1.86}
{"event": "CDM_DETECTED", "ts": "2026-03-29T18:11:59.558311+00:00", "sat_id": "SAT-015", "debris_id": "DEB-CRIT-006", "tca_sim_time_s": 83580.0, "tca_in_s": 83520.0, "miss_distance_km": 0.03891, "severity": "CRITICAL"}
{"event": "MANEUVER_PLANNED", "ts": "2026-03-29T18:11:59.558629+00:00", "sat_id": "SAT-015", "burn_id": "EVASION_SAT-015_60", "maneuver_type": "EVASION", "burn_sim_time_s": 70.0, "delta_v_km_s": {"x": -0.00968045, "y": 0.00030541, "z": -0.00248909}, "delta_v_magnitude_m_s": 10.0, "fuel_before_kg": 50.0, "fuel_after_kg": 48.1337, "fuel_consumed_kg": 1.8663}
{"event": "MANEUVER_EXECUTED", "ts": "2026-03-29T18:11:59.558791+00:00", "sat_id": "SAT-015", "burn_id": "EVASION_SAT-015_60", "sim_time_s": 60.0, "delta_v_km_s": {"x": -0.00968045, "y": 0.00030541, "z": -0.00248909}, "delta_v_magnitude_m_s": 10.0, "fuel_remaining_kg": 48.1337, "success": true}
{"event": "RECOVERY_SCHEDULED", "ts": "2026-03-29T18:11:59.558944+00:00", "sat_id": "SAT-015", "burn_id": "RECOVERY_SAT-015_60", "paired_evasion_burn": "EVASION_SAT-015_60", "scheduled_sim_time_s": 720.0, "delta_v_km_s": {"x": 0.00968045, "y": -0.00030541, "z": 0.00248909}}
{"event": "MANEUVER_PLANNED", "ts": "2026-03-29T18:11:59.559099+00:00", "sat_id": "SAT-015", "burn_id": "RECOVERY_SAT-015_60", "maneuver_type": "RECOVERY", "burn_sim_time_s": 720.0, "delta_v_km_s": {"x": 0.00968045, "y": -0.00030541, "z": 0.00248909}, "delta_v_magnitude_m_s": 10.0, "fuel_before_kg": 48.1337, "fuel_after_kg": 46.2737, "fuel_consumed_kg": 1.86}
{"event": "CDM_DETECTED", "ts": "2026-03-29T18:11:59.559259+00:00", "sat_id": "SAT-035", "debris_id": "DEB-CRIT-009", "tca_sim_time_s": 84250.0, "tca_in_s": 84190.0, "miss_distance_km": 0.00707, "severity": "CRITICAL"}
{"event": "MANEUVER_PLANNED", "ts": "2026-03-29T18:11:59.559583+00:00", "sat_id": "SAT-035", "burn_id": "EVASION_SAT-035_60", "maneuver_type": "EVASION", "burn_sim_time_s": 70.0, "delta_v_km_s": {"x": 0.00930566, "y": 0.00044639, "z": -0.00363393}, "delta_v_magnitude_m_s": 10.0, "fuel_before_kg": 50.0, "fuel_after_kg": 48.1337, "fuel_consumed_kg": 1.8663}
{"event": "MANEUVER_EXECUTED", "ts": "2026-03-29T18:11:59.559742+00:00", "sat_id": "SAT-035", "burn_id": "EVASION_SAT-035_60", "sim_time_s": 60.0, "delta_v_km_s": {"x": 0.00930566, "y": 0.00044639, "z": -0.00363393}, "delta_v_magnitude_m_s": 10.0, "fuel_remaining_kg": 48.1337, "success": true}
{"event": "RECOVERY_SCHEDULED", "ts": "2026-03-29T18:11:59.559865+00:00", "sat_id": "SAT-035", "burn_id": "RECOVERY_SAT-035_60", "paired_evasion_burn": "EVASION_SAT-035_60", "scheduled_sim_time_s": 720.0, "delta_v_km_s": {"x": -0.00930566, "y": -0.00044639, "z": 0.00363393}}
{"event": "MANEUVER_PLANNED", "ts": "2026-03-29T18:11:59.560057+00:00", "sat_id": "SAT-035", "burn_id": "RECOVERY_SAT-035_60", "maneuver_type": "RECOVERY", "burn_sim_time_s": 720.0, "delta_v_km_s": {"x": -0.00930566, "y": -0.00044639, "z": 0.00363393}, "delta_v_magnitude_m_s": 10.0, "fuel_before_kg": 48.1337, "fuel_after_kg": 46.2737, "fuel_consumed_kg": 1.86}
{"event": "MANEUVER_EXECUTED", "ts": "2026-03-29T18:16:08.320073+00:00", "sat_id": "SAT-001", "burn_id": "BLIND_CONJ_TEST", "sim_time_s": 60.0, "delta_v_km_s": {"x": 0.002, "y": 0.008, "z": -0.001}, "delta_v_magnitude_m_s": 8.3066, "fuel_remaining_kg": 48.4493, "success": true}
{"event": "MANEUVER_EXECUTED", "ts": "2026-03-29T18:16:08.320718+00:00", "sat_id": "SAT-003", "burn_id": "STRESS_BURN_1", "sim_time_s": 60.0, "delta_v_km_s": {"x": 0.002, "y": 0.01, "z": -0.001}, "delta_v_magnitude_m_s": 10.247, "fuel_remaining_kg": 48.0877, "success": true}
{"event": "CDM_DETECTED", "ts": "2026-03-29T18:16:14.772751+00:00", "sat_id": "SAT-016", "debris_id": "DEB-CRIT-005", "tca_sim_time_s": 745.0, "tca_in_s": 685.0, "miss_distance_km": 0.04111, "severity": "CRITICAL"}
{"event": "MANEUVER_PLANNED", "ts": "2026-03-29T18:16:14.773360+00:00", "sat_id": "SAT-016", "burn_id": "EVASION_SAT-016_60", "maneuver_type": "EVASION", "burn_sim_time_s": 70.0, "delta_v_km_s": {"x": -0.00927905, "y": -0.00372816, "z": 0.0}, "delta_v_magnitude_m_s": 10.0, "fuel_before_kg": 50.0, "fuel_after_kg": 48.1337, "fuel_consumed_kg": 1.8663}
{"event": "MANEUVER_EXECUTED", "ts": "2026-03-29T18:16:14.773621+00:00", "sat_id": "SAT-016", "burn_id": "EVASION_SAT-016_60", "sim_time_s": 60.0, "delta_v_km_s": {"x": -0.00927905, "y": -0.00372816, "z": 0.0}, "delta_v_magnitude_m_s": 10.0, "fuel_remaining_kg": 48.1337, "success": true}
{"event": "RECOVERY_SCHEDULED", "ts": "2026-03-29T18:16:14.773825+00:00", "sat_id": "SAT-016", "burn_id": "RECOVERY_SAT-016_60", "paired_evasion_burn": "EVASION_SAT-016_60", "scheduled_sim_time_s": 720.0, "delta_v_km_s": {"x": 0.00927905, "y": 0.00372816, "z": -0.0}}
{"event": "MANEUVER_PLANNED", "ts": "2026-03-29T18:16:14.774060+00:00", "sat_id": "SAT-016", "burn_id": "RECOVERY_SAT-016_60", "maneuver_type": "RECOVERY", "burn_sim_time_s": 720.0, "delta_v_km_s": {"x": 0.00927905, "y": 0.00372816, "z": -0.0}, "delta_v_magnitude_m_s": 10.0, "fuel_before_kg": 48.1337, "fuel_after_kg": 46.2737, "fuel_consumed_kg": 1.86}
{"event": "CDM_DETECTED", "ts": "2026-03-29T18:16:14.774366+00:00", "sat_id": "SAT-041", "debris_id": "DEB-CRIT-001", "tca_sim_time_s": 745.0, "tca_in_s": 685.0, "miss_distance_km": 0.04111, "severity": "CRITICAL"}
{"event": "MANEUVER_PLANNED", "ts": "2026-03-29T18:16:14.774922+00:00", "sat_id": "SAT-041", "burn_id": "EVASION_SAT-041_60", "maneuver_type": "EVASION", "burn_sim_time_s": 70.0, "delta_v_km_s": {"x": 0.00927905, "y": 0.00372816, "z": 0.0}, "delta_v_magnitude_m_s": 10.0, "fuel_before_kg": 50.0, "fuel_after_kg": 48.1337, "fuel_consumed_kg": 1.8663}
{"event": "MANEUVER_EXECUTED", "ts": "2026-03-29T18:16:14.775123+00:00", "sat_id": "SAT-041", "burn_id": "EVASION_SAT-041_60", "sim_time_s": 60.0, "delta_v_km_s": {"x": 0.00927905, "y": 0.00372816, "z": 0.0}, "delta_v_magnitude_m_s": 10.0, "fuel_remaining_kg": 48.1337, "success": true}
{"event": "RECOVERY_SCHEDULED", "ts": "2026-03-29T18:16:14.775311+00:00", "sat_id": "SAT-041", "burn_id": "RECOVERY_SAT-041_60", "paired_evasion_burn": "EVASION_SAT-041_60", "scheduled_sim_time_s": 720.0, "delta_v_km_s": {"x": -0.00927905, "y": -0.00372816, "z": -0.0}}
{"event": "MANEUVER_PLANNED", "ts": "2026-03-29T18:16:14.775527+00:00", "sat_id": "SAT-041", "burn_id": "RECOVERY_SAT-041_60", "maneuver_type": "RECOVERY", "burn_sim_time_s": 720.0, "delta_v_km_s": {"x": -0.00927905, "y": -0.00372816, "z": -0.0}, "delta_v_magnitude_m_s": 10.0, "fuel_before_kg": 48.1337, "fuel_after_kg": 46.2737, "fuel_consumed_kg": 1.86}
{"event": "CDM_DETECTED", "ts": "2026-03-29T18:16:14.775733+00:00", "sat_id": "SAT-002", "debris_id": "DEB-CRIT-003", "tca_sim_time_s": 755.0, "tca_in_s": 695.0, "miss_distance_km": 0.04074, "severity": "CRITICAL"}
{"event": "MANEUVER_PLANNED", "ts": "2026-03-29T18:16:14.776085+00:00", "sat_id": "SAT-002", "burn_id": "EVASION_SAT-002_60", "maneuver_type": "EVASION", "burn_sim_time_s": 70.0, "delta_v_km_s": {"x": -0.00191609, "y": 0.00866594, "z": 0.00460762}, "delta_v_magnitude_m_s": 10.0, "fuel_before_kg": 50.0, "fuel_after_kg": 48.1337, "fuel_consumed_kg": 1.8663}
{"event": "MANEUVER_EXECUTED", "ts": "2026-03-29T18:16:14.776261+00:00", "sat_id": "SAT-002", "burn_id": "EVASION_SAT-002_60", "sim_time_s": 60.0, "delta_v_km_s": {"x": -0.00191609, "y": 0.00866594, "z": 0.00460762}, "delta_v_magnitude_m_s": 10.0, "fuel_remaining_kg": 48.1337, "success": true}
{"event": "RECOVERY_SCHEDULED", "ts": "2026-03-29T18:16:14.776441+00:00", "sat_id": "SAT-002", "burn_id": "RECOVERY_SAT-002_60", "paired_evasion_burn": "EVASION_SAT-002_60", "scheduled_sim_time_s": 720.0, "delta_v_km_s": {"x": 0.00191609, "y": -0.00866594, "z": -0.00460762}}
{"event": "MANEUVER_PLANNED", "ts": "2026-03-29T18:16:14.776629+00:00", "sat_id": "SAT-002", "burn_id": "RECOVERY_SAT-002_60", "maneuver_type": "RECOVERY", "burn_sim_time_s": 720.0, "delta_v_km_s": {"x": 0.00191609, "y": -0.00866594, "z": -0.00460762}, "delta_v_magnitude_m_s": 10.0, "fuel_before_kg": 48.1337, "fuel_after_kg": 46.2737, "fuel_consumed_kg": 1.86}
{"event": "CDM_DETECTED", "ts": "2026-03-29T18:16:14.776828+00:00", "sat_id": "SAT-018", "debris_id": "DEB-CRIT-004", "tca_sim_time_s": 765.0, "tca_in_s": 705.0, "miss_distance_km": 0.04062, "severity": "CRITICAL"}
{"event": "MANEUVER_PLANNED", "ts": "2026-03-29T18:16:14.777183+00:00", "sat_id": "SAT-018", "burn_id": "EVASION_SAT-018_60", "maneuver_type": "EVASION", "burn_sim_time_s": 70.0, "delta_v_km_s": {"x": -0.0080691, "y": -0.00417616, "z": -0.00417724}, "delta_v_magnitude_m_s": 10.0, "fuel_before_kg": 50.0, "fuel_after_kg": 48.1337, "fuel_consumed_kg": 1.8663}
{"event": "MANEUVER_EXECUTED", "ts": "2026-03-29T18:16:14.777353+00:00", "sat_id": "SAT-018", "burn_id": "EVASION_SAT-018_60", "sim_time_s": 60.0, "delta_v_km_s": {"x": -0.0080691, "y": -0.00417616, "z": -0.00417724}, "delta_v_magnitude_m_s": 10.0, "fuel_remaining_kg": 48.1337, "success": true}
{"event": "RECOVERY_SCHEDULED", "ts": "2026-03-29T18:16:14.777523+00:00", "sat_id": "SAT-018", "burn_id": "RECOVERY_SAT-018_60", "paired_evasion_burn": "EVASION_SAT-018_60", "scheduled_sim_time_s": 720.0, "delta_v_km_s": {"x": 0.0080691, "y": 0.00417616, "z": 0.00417724}}
{"event": "MANEUVER_PLANNED", "ts": "2026-03-29T18:16:14.777718+00:00", "sat_id": "SAT-018", "burn_id": "RECOVERY_SAT-018_60", "maneuver_type": "RECOVERY", "burn_sim_time_s": 720.0, "delta_v_km_s": {"x": 0.0080691, "y": 0.00417616, "z": 0.00417724}, "delta_v_magnitude_m_s": 10.0, "fuel_before_kg": 48.1337, "fuel_after_kg": 46.2737, "fuel_consumed_kg": 1.86}
{"event": "CDM_DETECTED", "ts": "2026-03-29T18:16:14.777940+00:00", "sat_id": "SAT-009", "debris_id": "DEB-CRIT-007", "tca_sim_time_s": 770.0, "tca_in_s": 710.0, "miss_distance_km": 0.04113, "severity": "CRITICAL"}
{"event": "MANEUVER_PLANNED", "ts": "2026-03-29T18:16:14.778311+00:00", "sat_id": "SAT-009", "burn_id": "EVASION_SAT-009_60", "maneuver_type": "EVASION", "burn_sim_time_s": 70.0, "delta_v_km_s": {"x": -0.00877679, "y": 0.00288479, "z": 0.003827}, "delta_v_magnitude_m_s": 10.0, "fuel_before_kg": 50.0, "fuel_after_kg": 48.1337, "fuel_consumed_kg": 1.8663}
{"event": "MANEUVER_EXECUTED", "ts": "2026-03-29T18:16:14.778508+00:00", "sat_id": "SAT-009", "burn_id": "EVASION_SAT-009_60", "sim_time_s": 60.0, "delta_v_km_s": {"x": -0.00877679, "y": 0.00288479, "z": 0.003827}, "delta_v_magnitude_m_s": 10.0, "fuel_remaining_kg": 48.1337, "success": true}
{"event": "RECOVERY_SCHEDULED", "ts": "2026-03-29T18:16:14.778672+00:00", "sat_id": "SAT-009", "burn_id": "RECOVERY_SAT-009_60", "paired_evasion_burn": "EVASION_SAT-009_60", "scheduled_sim_time_s": 720.0, "delta_v_km_s": {"x": 0.00877679, "y": -0.00288479, "z": -0.003827}}
{"event": "MANEUVER_PLANNED", "ts": "2026-03-29T18:16:14.778862+00:00", "sat_id": "SAT-009", "burn_id": "RECOVERY_SAT-009_60", "maneuver_type": "RECOVERY", "burn_sim_time_s": 720.0, "delta_v_km_s": {"x": 0.00877679, "y": -0.00288479, "z": -0.003827}, "delta_v_magnitude_m_s": 10.0, "fuel_before_kg": 48.1337, "fuel_after_kg": 46.2737, "fuel_consumed_kg": 1.86}
{"event": "CDM_DETECTED", "ts": "2026-03-29T18:16:14.779092+00:00", "sat_id": "SAT-008", "debris_id": "DEB-CRIT-002", "tca_sim_time_s": 22695.0, "tca_in_s": 22635.0, "miss_distance_km": 0.00521, "severity": "CRITICAL"}
{"event": "MANEUVER_PLANNED", "ts": "2026-03-29T18:16:14.779441+00:00", "sat_id": "SAT-008", "burn_id": "EVASION_SAT-008_60", "maneuver_type": "EVASION", "burn_sim_time_s": 70.0, "delta_v_km_s": {"x": -0.00811112, "y": 0.00413632, "z": 0.00413528}, "delta_v_magnitude_m_s": 10.0, "fuel_before_kg": 50.0, "fuel_after_kg": 48.1337, "fuel_consumed_kg": 1.8663}
{"event": "MANEUVER_EXECUTED", "ts": "2026-03-29T18:16:14.779633+00:00", "sat_id": "SAT-008", "burn_id": "EVASION_SAT-008_60", "sim_time_s": 60.0, "delta_v_km_s": {"x": -0.00811112, "y": 0.00413632, "z": 0.00413528}, "delta_v_magnitude_m_s": 10.0, "fuel_remaining_kg": 48.1337, "success": true}
{"event": "RECOVERY_SCHEDULED", "ts": "2026-03-29T18:16:14.779793+00:00", "sat_id": "SAT-008", "burn_id": "RECOVERY_SAT-008_60", "paired_evasion_burn": "EVASION_SAT-008_60", "scheduled_sim_time_s": 720.0, "delta_v_km_s": {"x": 0.00811112, "y": -0.00413632, "z": -0.00413528}}
{"event": "MANEUVER_PLANNED", "ts": "2026-03-29T18:16:14.779990+00:00", "sat_id": "SAT-008", "burn_id": "RECOVERY_SAT-008_60", "maneuver_type": "RECOVERY", "burn_sim_time_s": 720.0, "delta_v_km_s": {"x": 0.00811112, "y": -0.00413632, "z": -0.00413528}, "delta_v_magnitude_m_s": 10.0, "fuel_before_kg": 48.1337, "fuel_after_kg": 46.2737, "fuel_consumed_kg": 1.86}
{"event": "CDM_DETECTED", "ts": "2026-03-29T18:16:14.780653+00:00", "sat_id": "SAT-006", "debris_id": "DEB-CRIT-010", "tca_sim_time_s": 82535.0, "tca_in_s": 82475.0, "miss_distance_km": 0.03833, "severity": "CRITICAL"}
{"event": "MANEUVER_PLANNED", "ts": "2026-03-29T18:16:14.781034+00:00", "sat_id": "SAT-006", "burn_id": "EVASION_SAT-006_60", "maneuver_type": "EVASION", "burn_sim_time_s": 70.0, "delta_v_km_s": {"x": -0.00641307, "y": 0.00767284, "z": 0.0}, "delta_v_magnitude_m_s": 10.0, "fuel_before_kg": 50.0, "fuel_after_kg": 48.1337, "fuel_consumed_kg": 1.8663}
{"event": "MANEUVER_EXECUTED", "ts": "2026-03-29T18:16:14.781222+00:00", "sat_id": "SAT-006", "burn_id": "EVASION_SAT-006_60", "sim_time_s": 60.0, "delta_v_km_s": {"x": -0.00641307, "y": 0.00767284, "z": 0.0}, "delta_v_magnitude_m_s": 10.0, "fuel_remaining_kg": 48.1337, "success": true}
{"event": "RECOVERY_SCHEDULED", "ts": "2026-03-29T18:16:14.781391+00:00", "sat_id": "SAT-006", "burn_id": "RECOVERY_SAT-006_60", "paired_evasion_burn": "EVASION_SAT-006_60", "scheduled_sim_time_s": 720.0, "delta_v_km_s": {"x": 0.00641307, "y": -0.00767284, "z": -0.0}}
{"event": "MANEUVER_PLANNED", "ts": "2026-03-29T18:16:14.781561+00:00", "sat_id": "SAT-006", "burn_id": "RECOVERY_SAT-006_60", "maneuver_type": "RECOVERY", "burn_sim_time_s": 720.0, "delta_v_km_s": {"x": 0.00641307, "y": -0.00767284, "z": -0.0}, "delta_v_magnitude_m_s": 10.0, "fuel_before_kg": 48.1337, "fuel_after_kg": 46.2737, "fuel_consumed_kg": 1.86}
{"event": "CDM_DETECTED", "ts": "2026-03-29T18:16:14.781744+00:00", "sat_id": "SAT-007", "debris_id": "DEB-CRIT-008", "tca_sim_time_s": 83465.0, "tca_in_s": 83405.0, "miss_distance_km": 0.03853, "severity": "CRITICAL"}
{"event": "MANEUVER_PLANNED", "ts": "2026-03-29T18:16:14.782118+00:00", "sat_id": "SAT-007", "burn_id": "EVASION_SAT-007_60", "maneuver_type": "EVASION", "burn_sim_time_s": 70.0, "delta_v_km_s": {"x": -0.00731909, "y": 0.00601669, "z": 0.0031985}, "delta_v_magnitude_m_s": 10.0, "fuel_before_kg": 50.0, "fuel_after_kg": 48.1337, "fuel_consumed_kg": 1.8663}
{"event": "MANEUVER_EXECUTED", "ts": "2026-03-29T18:16:14.782295+00:00", "sat_id": "SAT-007", "burn_id": "EVASION_SAT-007_60", "sim_time_s": 60.0, "delta_v_km_s": {"x": -0.00731909, "y": 0.00601669, "z": 0.0031985}, "delta_v_magnitude_m_s": 10.0, "fuel_remaining_kg": 48.1337, "success": true}
{"event": "RECOVERY_SCHEDULED", "ts": "2026-03-29T18:16:14.782444+00:00", "sat_id": "SAT-007", "burn_id": "RECOVERY_SAT-007_60", "paired_evasion_burn": "EVASION_SAT-007_60", "scheduled_sim_time_s": 720.0, "delta_v_km_s": {"x": 0.00731909, "y": -0.00601669, "z": -0.0031985}}
{"event": "MANEUVER_PLANNED", "ts": "2026-03-29T18:16:14.782629+00:00", "sat_id": "SAT-007", "burn_id": "RECOVERY_SAT-007_60", "maneuver_type": "RECOVERY", "burn_sim_time_s": 720.0, "delta_v_km_s": {"x": 0.00731909, "y": -0.00601669, "z": -0.0031985}, "delta_v_magnitude_m_s": 10.0, "fuel_before_kg": 48.1337, "fuel_after_kg": 46.2737, "fuel_consumed_kg": 1.86}
{"event": "CDM_DETECTED", "ts": "2026-03-29T18:16:14.782803+00:00", "sat_id": "SAT-015", "debris_id": "DEB-CRIT-006", "tca_sim_time_s": 83580.0, "tca_in_s": 83520.0, "miss_distance_km": 0.03891, "severity": "CRITICAL"}
{"event": "MANEUVER_PLANNED", "ts": "2026-03-29T18:16:14.783188+00:00", "sat_id": "SAT-015", "burn_id": "EVASION_SAT-015_60", "maneuver_type": "EVASION", "burn_sim_time_s": 70.0, "delta_v_km_s": {"x": -0.00968045, "y": 0.00030541, "z": -0.00248909}, "delta_v_magnitude_m_s": 10.0, "fuel_before_kg": 50.0, "fuel_after_kg": 48.1337, "fuel_consumed_kg": 1.8663}
{"event": "MANEUVER_EXECUTED", "ts": "2026-03-29T18:16:14.783366+00:00", "sat_id": "SAT-015", "burn_id": "EVASION_SAT-015_60", "sim_time_s": 60.0, "delta_v_km_s": {"x": -0.00968045, "y": 0.00030541, "z": -0.00248909}, "delta_v_magnitude_m_s": 10.0, "fuel_remaining_kg": 48.1337, "success": true}
{"event": "RECOVERY_SCHEDULED", "ts": "2026-03-29T18:16:14.783512+00:00", "sat_id": "SAT-015", "burn_id": "RECOVERY_SAT-015_60", "paired_evasion_burn": "EVASION_SAT-015_60", "scheduled_sim_time_s": 720.0, "delta_v_km_s": {"x": 0.00968045, "y": -0.00030541, "z": 0.00248909}}
{"event": "MANEUVER_PLANNED", "ts": "2026-03-29T18:16:14.783688+00:00", "sat_id": "SAT-015", "burn_id": "RECOVERY_SAT-015_60", "maneuver_type": "RECOVERY", "burn_sim_time_s": 720.0, "delta_v_km_s": {"x": 0.00968045, "y": -0.00030541, "z": 0.00248909}, "delta_v_magnitude_m_s": 10.0, "fuel_before_kg": 48.1337, "fuel_after_kg": 46.2737, "fuel_consumed_kg": 1.86}
{"event": "CDM_DETECTED", "ts": "2026-03-29T18:16:14.783898+00:00", "sat_id": "SAT-035", "debris_id": "DEB-CRIT-009", "tca_sim_time_s": 84250.0, "tca_in_s": 84190.0, "miss_distance_km": 0.00707, "severity": "CRITICAL"}
{"event": "MANEUVER_PLANNED", "ts": "2026-03-29T18:16:14.784266+00:00", "sat_id": "SAT-035", "burn_id": "EVASION_SAT-035_60", "maneuver_type": "EVASION", "burn_sim_time_s": 70.0, "delta_v_km_s": {"x": 0.00930566, "y": 0.00044639, "z": -0.00363393}, "delta_v_magnitude_m_s": 10.0, "fuel_before_kg": 50.0, "fuel_after_kg": 48.1337, "fuel_consumed_kg": 1.8663}
{"event": "MANEUVER_EXECUTED", "ts": "2026-03-29T18:16:14.784470+00:00", "sat_id": "SAT-035", "burn_id": "EVASION_SAT-035_60", "sim_time_s": 60.0, "delta_v_km_s": {"x": 0.00930566, "y": 0.00044639, "z": -0.00363393}, "delta_v_magnitude_m_s": 10.0, "fuel_remaining_kg": 48.1337, "success": true}
{"event": "RECOVERY_SCHEDULED", "ts": "2026-03-29T18:16:14.784644+00:00", "sat_id": "SAT-035", "burn_id": "RECOVERY_SAT-035_60", "paired_evasion_burn": "EVASION_SAT-035_60", "scheduled_sim_time_s": 720.0, "delta_v_km_s": {"x": -0.00930566, "y": -0.00044639, "z": 0.00363393}}
{"event": "MANEUVER_PLANNED", "ts": "2026-03-29T18:16:14.784841+00:00", "sat_id": "SAT-035", "burn_id": "RECOVERY_SAT-035_60", "maneuver_type": "RECOVERY", "burn_sim_time_s": 720.0, "delta_v_km_s": {"x": -0.00930566, "y": -0.00044639, "z": 0.00363393}, "delta_v_magnitude_m_s": 10.0, "fuel_before_kg": 48.1337, "fuel_after_kg": 46.2737, "fuel_consumed_kg": 1.86}
